// Vitest Snapshot v1, https://vitest.dev/guide/snapshot.html

exports[`the watch presenter > gives every kind and resolution one headline 1`] = `
[
  {
    "category": "positive",
    "headline": "Run run_abc123 started",
    "kind": "run_start",
    "resolution": "condition_met",
    "tone": "success",
  },
  {
    "category": "attention",
    "headline": "Run run_abc123 hasn't started yet",
    "kind": "run_start",
    "resolution": "window_completed",
    "tone": "warning",
  },
  {
    "category": "neutral",
    "headline": "Run run_abc123 will never start",
    "kind": "run_start",
    "resolution": "condition_impossible",
    "tone": "neutral",
  },
  {
    "category": "positive",
    "headline": "Run run_abc123 finished",
    "kind": "run_finished",
    "resolution": "condition_met",
    "tone": "success",
  },
  {
    "category": "attention",
    "headline": "Run run_abc123 is still running",
    "kind": "run_finished",
    "resolution": "window_completed",
    "tone": "warning",
  },
  {
    "category": "neutral",
    "headline": "Run run_abc123 is no longer there",
    "kind": "run_finished",
    "resolution": "condition_impossible",
    "tone": "neutral",
  },
  {
    "category": "attention",
    "headline": "Run run_abc123 failed",
    "kind": "run_failed",
    "resolution": "condition_met",
    "tone": "error",
  },
  {
    "category": "positive",
    "headline": "Run run_abc123 hasn't failed",
    "kind": "run_failed",
    "resolution": "window_completed",
    "tone": "success",
  },
  {
    "category": "neutral",
    "headline": "Run run_abc123 is no longer there",
    "kind": "run_failed",
    "resolution": "condition_impossible",
    "tone": "neutral",
  },
  {
    "category": "positive",
    "headline": "email-sends queue drained",
    "kind": "backlog_drain",
    "resolution": "condition_met",
    "tone": "success",
  },
  {
    "category": "attention",
    "headline": "email-sends queue still hasn't drained",
    "kind": "backlog_drain",
    "resolution": "window_completed",
    "tone": "warning",
  },
  {
    "category": "neutral",
    "headline": "email-sends queue no longer exists",
    "kind": "backlog_drain",
    "resolution": "condition_impossible",
    "tone": "neutral",
  },
  {
    "category": "attention",
    "headline": "email-sends queue is above the threshold",
    "kind": "queue_depth_above",
    "resolution": "condition_met",
    "tone": "warning",
  },
  {
    "category": "positive",
    "headline": "email-sends queue stayed below the threshold",
    "kind": "queue_depth_above",
    "resolution": "window_completed",
    "tone": "success",
  },
  {
    "category": "neutral",
    "headline": "email-sends queue no longer exists",
    "kind": "queue_depth_above",
    "resolution": "condition_impossible",
    "tone": "neutral",
  },
  {
    "category": "positive",
    "headline": "email-sends queue is back below the threshold",
    "kind": "queue_depth_below",
    "resolution": "condition_met",
    "tone": "success",
  },
  {
    "category": "attention",
    "headline": "email-sends queue is still above the threshold",
    "kind": "queue_depth_below",
    "resolution": "window_completed",
    "tone": "warning",
  },
  {
    "category": "neutral",
    "headline": "email-sends queue no longer exists",
    "kind": "queue_depth_below",
    "resolution": "condition_impossible",
    "tone": "neutral",
  },
  {
    "category": "attention",
    "headline": "email-sends queue isn't moving",
    "kind": "queue_stalled",
    "resolution": "condition_met",
    "tone": "warning",
  },
  {
    "category": "positive",
    "headline": "email-sends queue kept moving",
    "kind": "queue_stalled",
    "resolution": "window_completed",
    "tone": "success",
  },
  {
    "category": "neutral",
    "headline": "email-sends queue no longer exists",
    "kind": "queue_stalled",
    "resolution": "condition_impossible",
    "tone": "neutral",
  },
  {
    "category": "attention",
    "headline": "runs in email-sends are waiting too long",
    "kind": "queue_oldest_age",
    "resolution": "condition_met",
    "tone": "warning",
  },
  {
    "category": "positive",
    "headline": "email-sends queue stayed within its wait limit",
    "kind": "queue_oldest_age",
    "resolution": "window_completed",
    "tone": "success",
  },
  {
    "category": "neutral",
    "headline": "email-sends queue no longer exists",
    "kind": "queue_oldest_age",
    "resolution": "condition_impossible",
    "tone": "neutral",
  },
  {
    "category": "attention",
    "headline": "Error a1b2c3d4e5f6 happened again",
    "kind": "error_recurrence",
    "resolution": "condition_met",
    "tone": "error",
  },
  {
    "category": "positive",
    "headline": "Error a1b2c3d4e5f6 stayed quiet",
    "kind": "error_recurrence",
    "resolution": "window_completed",
    "tone": "success",
  },
  {
    "category": "neutral",
    "headline": "Error a1b2c3d4e5f6 stayed quiet",
    "kind": "error_recurrence",
    "resolution": "condition_impossible",
    "tone": "neutral",
  },
  {
    "category": "positive",
    "headline": "Health recovered",
    "kind": "health_recovery",
    "resolution": "condition_met",
    "tone": "success",
  },
  {
    "category": "attention",
    "headline": "Health hasn't recovered",
    "kind": "health_recovery",
    "resolution": "window_completed",
    "tone": "warning",
  },
  {
    "category": "neutral",
    "headline": "Health couldn't be read",
    "kind": "health_recovery",
    "resolution": "condition_impossible",
    "tone": "neutral",
  },
]
`;

exports[`the watch presenter > says each condition the same way on every surface 1`] = `
[
  {
    "confirmation": "Watching run run_abc123 until it starts.",
    "kind": "run_start",
    "label": "Until it starts",
    "note": "tell me when run run_abc123 starts",
    "tooltip": "Get notified when this run starts",
  },
  {
    "confirmation": "Watching run run_abc123 until it finishes.",
    "kind": "run_finished",
    "label": "Until it finishes",
    "note": "tell me when run run_abc123 finishes",
    "tooltip": "Get notified when this run finishes",
  },
  {
    "confirmation": "Watching run run_abc123 in case it fails.",
    "kind": "run_failed",
    "label": "If it fails",
    "note": "tell me if run run_abc123 fails",
    "tooltip": "Get notified if this run fails",
  },
  {
    "confirmation": "Watching email-sends until the queue drains.",
    "kind": "backlog_drain",
    "label": "Until the queue drains",
    "note": "tell me when the email-sends queue drains",
    "tooltip": "Get notified when this queue drains",
  },
  {
    "confirmation": "Watching email-sends in case the queue goes above 500.",
    "kind": "queue_depth_above",
    "label": "If the queue goes above 500",
    "note": "tell me if the email-sends queue goes above 500",
    "tooltip": "Get notified if this queue goes above 500",
  },
  {
    "confirmation": "Watching email-sends until it is back below 500.",
    "kind": "queue_depth_below",
    "label": "Until the queue is back below 500",
    "note": "tell me when the email-sends queue is back below 500",
    "tooltip": "Get notified when this queue is back below 500",
  },
  {
    "confirmation": "Watching email-sends in case it stops moving.",
    "kind": "queue_stalled",
    "label": "If the queue stops moving",
    "note": "tell me if the email-sends queue stops moving",
    "tooltip": "Get notified if this queue stops moving",
  },
  {
    "confirmation": "Watching email-sends in case runs wait longer than 1h 30m.",
    "kind": "queue_oldest_age",
    "label": "If runs wait longer than 1h 30m",
    "note": "tell me if runs in email-sends wait longer than 1h 30m",
    "tooltip": "Get notified if runs wait longer than 1h 30m",
  },
  {
    "confirmation": "Watching error a1b2c3d4e5f6 in case it happens again.",
    "kind": "error_recurrence",
    "label": "If it happens again",
    "note": "ping me if error a1b2c3d4e5f6 happens again",
    "tooltip": "Get notified if this error happens again",
  },
  {
    "confirmation": "Watching health until it recovers.",
    "kind": "health_recovery",
    "label": "Until it recovers",
    "note": "tell me when health is back to normal",
    "tooltip": "Get notified when health recovers",
  },
]
`;
