// Vitest Snapshot v1, https://vitest.dev/guide/snapshot.html

exports[`the prefix stays inside its budget > matches the committed measurement 1`] = `
{
  "assistant": {
    "prompt": {
      "chars": 26872,
      "estimatedTokens": 6718,
    },
    "tools": {
      "chars": 47182,
      "count": 24,
      "estimatedTokens": 11796,
    },
    "total": {
      "chars": 74055,
      "estimatedTokens": 18514,
      "fingerprint": "41ff9824",
    },
  },
  "code": {
    "prompt": {
      "chars": 29429,
      "estimatedTokens": 7357,
    },
    "tools": {
      "chars": 50474,
      "count": 28,
      "estimatedTokens": 12619,
    },
    "total": {
      "chars": 79904,
      "estimatedTokens": 19976,
      "fingerprint": "fb06b89b",
    },
  },
}
`;
