// Vitest Snapshot v1, https://vitest.dev/guide/snapshot.html

exports[`the prefix stays inside its budget > matches the committed measurement 1`] = `
{
  "assistant": {
    "prompt": {
      "chars": 25947,
      "estimatedTokens": 6487,
    },
    "tools": {
      "chars": 38786,
      "count": 24,
      "estimatedTokens": 9697,
    },
    "total": {
      "chars": 64734,
      "estimatedTokens": 16184,
      "fingerprint": "559bcaca",
    },
  },
  "code": {
    "prompt": {
      "chars": 28702,
      "estimatedTokens": 7176,
    },
    "tools": {
      "chars": 41795,
      "count": 28,
      "estimatedTokens": 10449,
    },
    "total": {
      "chars": 70498,
      "estimatedTokens": 17625,
      "fingerprint": "25d4879d",
    },
  },
}
`;
