// Vitest Snapshot v1, https://vitest.dev/guide/snapshot.html

exports[`the prefix stays inside its budget > matches the committed measurement 1`] = `
{
  "assistant": {
    "prompt": {
      "chars": 26595,
      "estimatedTokens": 6649,
    },
    "tools": {
      "chars": 43732,
      "count": 24,
      "estimatedTokens": 10933,
    },
    "total": {
      "chars": 70328,
      "estimatedTokens": 17582,
      "fingerprint": "ae5da62d",
    },
  },
  "code": {
    "prompt": {
      "chars": 29152,
      "estimatedTokens": 7288,
    },
    "tools": {
      "chars": 47024,
      "count": 28,
      "estimatedTokens": 11756,
    },
    "total": {
      "chars": 76177,
      "estimatedTokens": 19044,
      "fingerprint": "4533fe76",
    },
  },
}
`;
